// Jest Snapshot v1, https://goo.gl/fbAQLP

exports[`TravelModeToggle Component renders correctly (snapshot) 1`] = `
<View
  style={
    {
      "flexDirection": "row",
      "gap": 14,
      "justifyContent": "center",
      "left": 0,
      "position": "absolute",
      "right": 0,
      "top": 76,
    }
  }
>
  <View
    accessibilityState={
      {
        "busy": undefined,
        "checked": undefined,
        "disabled": undefined,
        "expanded": undefined,
        "selected": undefined,
      }
    }
    accessibilityValue={
      {
        "max": undefined,
        "min": undefined,
        "now": undefined,
        "text": undefined,
      }
    }
    accessible={true}
    collapsable={false}
    focusable={true}
    onClick={[Function]}
    onResponderGrant={[Function]}
    onResponderMove={[Function]}
    onResponderRelease={[Function]}
    onResponderTerminate={[Function]}
    onResponderTerminationRequest={[Function]}
    onStartShouldSetResponder={[Function]}
    style={
      {
        "alignItems": "center",
        "backgroundColor": "#9A2E3F",
        "borderRadius": 15,
        "height": 40,
        "justifyContent": "center",
        "opacity": 1,
        "width": 60,
      }
    }
    testID="transport-mode-button-DRIVE"
  >
    <View
      color="white"
      name="car"
      size={22}
    />
  </View>
  <View
    accessibilityState={
      {
        "busy": undefined,
        "checked": undefined,
        "disabled": undefined,
        "expanded": undefined,
        "selected": undefined,
      }
    }
    accessibilityValue={
      {
        "max": undefined,
        "min": undefined,
        "now": undefined,
        "text": undefined,
      }
    }
    accessible={true}
    collapsable={false}
    focusable={true}
    onClick={[Function]}
    onResponderGrant={[Function]}
    onResponderMove={[Function]}
    onResponderRelease={[Function]}
    onResponderTerminate={[Function]}
    onResponderTerminationRequest={[Function]}
    onStartShouldSetResponder={[Function]}
    style={
      {
        "alignItems": "center",
        "backgroundColor": "rgba(34, 34, 34, 0.992)",
        "borderRadius": 15,
        "height": 40,
        "justifyContent": "center",
        "opacity": 1,
        "width": 60,
      }
    }
    testID="transport-mode-button-WALK"
  >
    <View
      color="white"
      name="walking"
      size={22}
    />
  </View>
  <View
    accessibilityState={
      {
        "busy": undefined,
        "checked": undefined,
        "disabled": undefined,
        "expanded": undefined,
        "selected": undefined,
      }
    }
    accessibilityValue={
      {
        "max": undefined,
        "min": undefined,
        "now": undefined,
        "text": undefined,
      }
    }
    accessible={true}
    collapsable={false}
    focusable={true}
    onClick={[Function]}
    onResponderGrant={[Function]}
    onResponderMove={[Function]}
    onResponderRelease={[Function]}
    onResponderTerminate={[Function]}
    onResponderTerminationRequest={[Function]}
    onStartShouldSetResponder={[Function]}
    style={
      {
        "alignItems": "center",
        "backgroundColor": "rgba(34, 34, 34, 0.992)",
        "borderRadius": 15,
        "height": 40,
        "justifyContent": "center",
        "opacity": 1,
        "width": 60,
      }
    }
    testID="transport-mode-button-TRANSIT"
  >
    <View
      color="white"
      name="bus-simple"
      size={22}
    />
  </View>
  <View
    accessibilityState={
      {
        "busy": undefined,
        "checked": undefined,
        "disabled": undefined,
        "expanded": undefined,
        "selected": undefined,
      }
    }
    accessibilityValue={
      {
        "max": undefined,
        "min": undefined,
        "now": undefined,
        "text": undefined,
      }
    }
    accessible={true}
    collapsable={false}
    focusable={true}
    onClick={[Function]}
    onResponderGrant={[Function]}
    onResponderMove={[Function]}
    onResponderRelease={[Function]}
    onResponderTerminate={[Function]}
    onResponderTerminationRequest={[Function]}
    onStartShouldSetResponder={[Function]}
    style={
      {
        "alignItems": "center",
        "backgroundColor": "rgba(34, 34, 34, 0.992)",
        "borderRadius": 15,
        "height": 40,
        "justifyContent": "center",
        "opacity": 1,
        "width": 60,
      }
    }
    testID="transport-mode-button-BICYCLE"
  >
    <View
      color="white"
      name="bicycle"
      size={22}
    />
  </View>
</View>
`;
